2026-01-25T20:52:44.6402763Z Current runner version: '2.331.0'
2026-01-25T20:52:44.6425790Z ##[group]Runner Image Provisioner
2026-01-25T20:52:44.6426584Z Hosted Compute Agent
2026-01-25T20:52:44.6427612Z Version: 20260115.477
2026-01-25T20:52:44.6428259Z Commit: 4b342d620503cbe250a3154040964899ea7c9b00
2026-01-25T20:52:44.6428943Z Build Date: 2026-01-15T22:32:41Z
2026-01-25T20:52:44.6429662Z Worker ID: {70659b8f-75be-4433-a6b3-77bba212e2d2}
2026-01-25T20:52:44.6430328Z Azure Region: westus
2026-01-25T20:52:44.6430862Z ##[endgroup]
2026-01-25T20:52:44.6432444Z ##[group]Operating System
2026-01-25T20:52:44.6433057Z Ubuntu
2026-01-25T20:52:44.6433561Z 24.04.3
2026-01-25T20:52:44.6434027Z LTS
2026-01-25T20:52:44.6434488Z ##[endgroup]
2026-01-25T20:52:44.6434942Z ##[group]Runner Image
2026-01-25T20:52:44.6435636Z Image: ubuntu-24.04
2026-01-25T20:52:44.6436118Z Version: 20260119.4.1
2026-01-25T20:52:44.6437448Z Included Software: https://github.com/actions/runner-images/blob/ubuntu24/20260119.4/images/ubuntu/Ubuntu2404-Readme.md
2026-01-25T20:52:44.6438965Z Image Release: https://github.com/actions/runner-images/releases/tag/ubuntu24%2F20260119.4
2026-01-25T20:52:44.6439860Z ##[endgroup]
2026-01-25T20:52:44.6442413Z ##[group]GITHUB_TOKEN Permissions
2026-01-25T20:52:44.6444386Z Actions: write
2026-01-25T20:52:44.6444887Z ArtifactMetadata: write
2026-01-25T20:52:44.6445581Z Attestations: write
2026-01-25T20:52:44.6446051Z Checks: write
2026-01-25T20:52:44.6446530Z Contents: write
2026-01-25T20:52:44.6447056Z Deployments: write
2026-01-25T20:52:44.6447820Z Discussions: write
2026-01-25T20:52:44.6448296Z Issues: write
2026-01-25T20:52:44.6448845Z Metadata: read
2026-01-25T20:52:44.6449333Z Models: read
2026-01-25T20:52:44.6449789Z Packages: write
2026-01-25T20:52:44.6450329Z Pages: write
2026-01-25T20:52:44.6450918Z PullRequests: write
2026-01-25T20:52:44.6451466Z RepositoryProjects: write
2026-01-25T20:52:44.6452418Z SecurityEvents: write
2026-01-25T20:52:44.6452932Z Statuses: write
2026-01-25T20:52:44.6453434Z ##[endgroup]
2026-01-25T20:52:44.6455473Z Secret source: Actions
2026-01-25T20:52:44.6456190Z Prepare workflow directory
2026-01-25T20:52:44.6864763Z Prepare all required actions
2026-01-25T20:52:44.6901894Z Getting action download info
2026-01-25T20:52:45.1126341Z Download action repository 'actions/checkout@v4' (SHA:34e114876b0b11c390a56381ad16ebd13914f8d5)
2026-01-25T20:52:45.2558337Z Download action repository 'actions/setup-node@v4' (SHA:49933ea5288caeca8642d1e84afbd3f7d6820020)
2026-01-25T20:52:45.5023470Z Complete job name: Test
2026-01-25T20:52:45.5507719Z ##[group]Checking docker version
2026-01-25T20:52:45.5520568Z ##[command]/usr/bin/docker version --format '{{.Server.APIVersion}}'
2026-01-25T20:52:45.6414600Z '1.48'
2026-01-25T20:52:45.6426627Z Docker daemon API version: '1.48'
2026-01-25T20:52:45.6427620Z ##[command]/usr/bin/docker version --format '{{.Client.APIVersion}}'
2026-01-25T20:52:45.6582085Z '1.48'
2026-01-25T20:52:45.6594445Z Docker client API version: '1.48'
2026-01-25T20:52:45.6600460Z ##[endgroup]
2026-01-25T20:52:45.6603258Z ##[group]Clean up resources from previous jobs
2026-01-25T20:52:45.6608866Z ##[command]/usr/bin/docker ps --all --quiet --no-trunc --filter "label=e721bf"
2026-01-25T20:52:45.6748334Z ##[command]/usr/bin/docker network prune --force --filter "label=e721bf"
2026-01-25T20:52:45.6877778Z ##[endgroup]
2026-01-25T20:52:45.6878253Z ##[group]Create local container network
2026-01-25T20:52:45.6888072Z ##[command]/usr/bin/docker network create --label e721bf github_network_10ce440e99ce4b25ab393e7bad3f13e0
2026-01-25T20:52:45.7441686Z f72d39994ba0bffe03d2c7d26037e290261ad6810c4535aab7069f39dc91f552
2026-01-25T20:52:45.7467019Z ##[endgroup]
2026-01-25T20:52:45.7490861Z ##[group]Starting neo4j service container
2026-01-25T20:52:45.7513664Z ##[command]/usr/bin/docker pull neo4j:5.15.0
2026-01-25T20:52:46.7810847Z 5.15.0: Pulling from library/neo4j
2026-01-25T20:52:47.0381173Z 0e0969fcaa82: Pulling fs layer
2026-01-25T20:52:47.0382011Z 46717352c8c1: Pulling fs layer
2026-01-25T20:52:47.0382712Z 7b6c4391345c: Pulling fs layer
2026-01-25T20:52:47.0383768Z b3a561d23014: Pulling fs layer
2026-01-25T20:52:47.0384451Z 4136c74b119e: Pulling fs layer
2026-01-25T20:52:47.0385112Z b3a561d23014: Waiting
2026-01-25T20:52:47.0385721Z 4136c74b119e: Waiting
2026-01-25T20:52:47.2940474Z 7b6c4391345c: Verifying Checksum
2026-01-25T20:52:47.2941144Z 7b6c4391345c: Download complete
2026-01-25T20:52:47.3872811Z 0e0969fcaa82: Verifying Checksum
2026-01-25T20:52:47.3875517Z 0e0969fcaa82: Download complete
2026-01-25T20:52:47.5346984Z b3a561d23014: Verifying Checksum
2026-01-25T20:52:47.5348078Z b3a561d23014: Download complete
2026-01-25T20:52:47.8603409Z 46717352c8c1: Verifying Checksum
2026-01-25T20:52:47.8604193Z 46717352c8c1: Download complete
2026-01-25T20:52:48.0392213Z 4136c74b119e: Verifying Checksum
2026-01-25T20:52:48.0392921Z 4136c74b119e: Download complete
2026-01-25T20:52:48.7071983Z 0e0969fcaa82: Pull complete
2026-01-25T20:52:50.8220922Z 46717352c8c1: Pull complete
2026-01-25T20:52:50.8473939Z 7b6c4391345c: Pull complete
2026-01-25T20:52:50.8578842Z b3a561d23014: Pull complete
2026-01-25T20:52:51.6224100Z 4136c74b119e: Pull complete
2026-01-25T20:52:51.6261857Z Digest: sha256:d9e2fb1ba398536e50d22ebc3d5d585baa086c1c0cf8e5b96bdc9e11e87e002a
2026-01-25T20:52:51.6275153Z Status: Downloaded newer image for neo4j:5.15.0
2026-01-25T20:52:51.6285043Z docker.io/library/neo4j:5.15.0
2026-01-25T20:52:51.6345711Z ##[command]/usr/bin/docker create --name 86530c70bf9844e0b29d9e7498642d1b_neo4j5150_d9c476 --label e721bf --network github_network_10ce440e99ce4b25ab393e7bad3f13e0 --network-alias neo4j -p 7474:7474 -p 7687:7687 --health-cmd "wget --no-verbose --tries=1 --spider localhost:7474 || exit 1" --health-interval 10s --health-timeout 5s --health-retries 5 --health-start-period 30s -e "NEO4J_AUTH=neo4j/testpassword" -e GITHUB_ACTIONS=true -e CI=true neo4j:5.15.0
2026-01-25T20:52:51.6649079Z 6d072e7958682548264b0c45d6f22275a1f2ee0a2b1521663cb919c3cfb5c990
2026-01-25T20:52:51.6673048Z ##[command]/usr/bin/docker start 6d072e7958682548264b0c45d6f22275a1f2ee0a2b1521663cb919c3cfb5c990
2026-01-25T20:52:52.0044119Z 6d072e7958682548264b0c45d6f22275a1f2ee0a2b1521663cb919c3cfb5c990
2026-01-25T20:52:52.0066623Z ##[command]/usr/bin/docker ps --all --filter id=6d072e7958682548264b0c45d6f22275a1f2ee0a2b1521663cb919c3cfb5c990 --filter status=running --no-trunc --format "{{.ID}} {{.Status}}"
2026-01-25T20:52:52.0200955Z 6d072e7958682548264b0c45d6f22275a1f2ee0a2b1521663cb919c3cfb5c990 Up Less than a second (health: starting)
2026-01-25T20:52:52.0222388Z ##[command]/usr/bin/docker port 6d072e7958682548264b0c45d6f22275a1f2ee0a2b1521663cb919c3cfb5c990
2026-01-25T20:52:52.0347750Z 7474/tcp -> 0.0.0.0:7474
2026-01-25T20:52:52.0348221Z 7474/tcp -> [::]:7474
2026-01-25T20:52:52.0348577Z 7687/tcp -> 0.0.0.0:7687
2026-01-25T20:52:52.0348919Z 7687/tcp -> [::]:7687
2026-01-25T20:52:52.0397455Z ##[endgroup]
2026-01-25T20:52:52.0407477Z ##[group]Waiting for all services to be ready
2026-01-25T20:52:52.0424617Z ##[command]/usr/bin/docker inspect --format="{{if .Config.Healthcheck}}{{print .State.Health.Status}}{{end}}" 6d072e7958682548264b0c45d6f22275a1f2ee0a2b1521663cb919c3cfb5c990
2026-01-25T20:52:52.0563498Z starting
2026-01-25T20:52:52.0588814Z neo4j service is starting, waiting 2 seconds before checking again.
2026-01-25T20:52:54.0596407Z ##[command]/usr/bin/docker inspect --format="{{if .Config.Healthcheck}}{{print .State.Health.Status}}{{end}}" 6d072e7958682548264b0c45d6f22275a1f2ee0a2b1521663cb919c3cfb5c990
2026-01-25T20:52:54.0945811Z starting
2026-01-25T20:52:54.0967765Z neo4j service is starting, waiting 3 seconds before checking again.
2026-01-25T20:52:57.7873646Z ##[command]/usr/bin/docker inspect --format="{{if .Config.Healthcheck}}{{print .State.Health.Status}}{{end}}" 6d072e7958682548264b0c45d6f22275a1f2ee0a2b1521663cb919c3cfb5c990
2026-01-25T20:52:57.8046808Z starting
2026-01-25T20:52:57.8063246Z neo4j service is starting, waiting 8 seconds before checking again.
2026-01-25T20:53:06.0280901Z ##[command]/usr/bin/docker inspect --format="{{if .Config.Healthcheck}}{{print .State.Health.Status}}{{end}}" 6d072e7958682548264b0c45d6f22275a1f2ee0a2b1521663cb919c3cfb5c990
2026-01-25T20:53:06.0409656Z healthy
2026-01-25T20:53:06.0426189Z neo4j service is healthy.
2026-01-25T20:53:06.0426996Z ##[endgroup]
2026-01-25T20:53:06.0690960Z ##[group]Run actions/checkout@v4
2026-01-25T20:53:06.0691551Z with:
2026-01-25T20:53:06.0691930Z   repository: andriyshevchenko/mcp-memory-graph-enhanced
2026-01-25T20:53:06.0692504Z   token: ***
2026-01-25T20:53:06.0692741Z   ssh-strict: true
2026-01-25T20:53:06.0692913Z   ssh-user: git
2026-01-25T20:53:06.0693100Z   persist-credentials: true
2026-01-25T20:53:06.0693351Z   clean: true
2026-01-25T20:53:06.0693540Z   sparse-checkout-cone-mode: true
2026-01-25T20:53:06.0693774Z   fetch-depth: 1
2026-01-25T20:53:06.0693946Z   fetch-tags: false
2026-01-25T20:53:06.0694129Z   show-progress: true
2026-01-25T20:53:06.0694307Z   lfs: false
2026-01-25T20:53:06.0694469Z   submodules: false
2026-01-25T20:53:06.0694647Z   set-safe-directory: true
2026-01-25T20:53:06.0695080Z ##[endgroup]
2026-01-25T20:53:06.1756024Z Syncing repository: andriyshevchenko/mcp-memory-graph-enhanced
2026-01-25T20:53:06.1757645Z ##[group]Getting Git version info
2026-01-25T20:53:06.1758208Z Working directory is '/home/runner/work/mcp-memory-graph-enhanced/mcp-memory-graph-enhanced'
2026-01-25T20:53:06.1758878Z [command]/usr/bin/git version
2026-01-25T20:53:06.1836019Z git version 2.52.0
2026-01-25T20:53:06.1861835Z ##[endgroup]
2026-01-25T20:53:06.1883025Z Temporarily overriding HOME='/home/runner/work/_temp/990133e2-25b5-4b26-950e-606e8d58d2a4' before making global git config changes
2026-01-25T20:53:06.1883994Z Adding repository directory to the temporary git global config as a safe directory
2026-01-25T20:53:06.1888474Z [command]/usr/bin/git config --global --add safe.directory /home/runner/work/mcp-memory-graph-enhanced/mcp-memory-graph-enhanced
2026-01-25T20:53:06.1926972Z Deleting the contents of '/home/runner/work/mcp-memory-graph-enhanced/mcp-memory-graph-enhanced'
2026-01-25T20:53:06.1931009Z ##[group]Initializing the repository
2026-01-25T20:53:06.1936210Z [command]/usr/bin/git init /home/runner/work/mcp-memory-graph-enhanced/mcp-memory-graph-enhanced
2026-01-25T20:53:06.2037114Z hint: Using 'master' as the name for the initial branch. This default branch name
2026-01-25T20:53:06.2038271Z hint: will change to "main" in Git 3.0. To configure the initial branch name
2026-01-25T20:53:06.2038913Z hint: to use in all of your new repositories, which will suppress this warning,
2026-01-25T20:53:06.2039913Z hint: call:
2026-01-25T20:53:06.2040302Z hint:
2026-01-25T20:53:06.2040779Z hint: 	git config --global init.defaultBranch <name>
2026-01-25T20:53:06.2041108Z hint:
2026-01-25T20:53:06.2041400Z hint: Names commonly chosen instead of 'master' are 'main', 'trunk' and
2026-01-25T20:53:06.2042129Z hint: 'development'. The just-created branch can be renamed via this command:
2026-01-25T20:53:06.2042811Z hint:
2026-01-25T20:53:06.2043151Z hint: 	git branch -m <name>
2026-01-25T20:53:06.2043563Z hint:
2026-01-25T20:53:06.2044125Z hint: Disable this message with "git config set advice.defaultBranchName false"
2026-01-25T20:53:06.2045384Z Initialized empty Git repository in /home/runner/work/mcp-memory-graph-enhanced/mcp-memory-graph-enhanced/.git/
2026-01-25T20:53:06.2053619Z [command]/usr/bin/git remote add origin https://github.com/andriyshevchenko/mcp-memory-graph-enhanced
2026-01-25T20:53:06.2088028Z ##[endgroup]
2026-01-25T20:53:06.2088634Z ##[group]Disabling automatic garbage collection
2026-01-25T20:53:06.2093496Z [command]/usr/bin/git config --local gc.auto 0
2026-01-25T20:53:06.2121246Z ##[endgroup]
2026-01-25T20:53:06.2121855Z ##[group]Setting up auth
2026-01-25T20:53:06.2129060Z [command]/usr/bin/git config --local --name-only --get-regexp core\.sshCommand
2026-01-25T20:53:06.2159719Z [command]/usr/bin/git submodule foreach --recursive sh -c "git config --local --name-only --get-regexp 'core\.sshCommand' && git config --local --unset-all 'core.sshCommand' || :"
2026-01-25T20:53:06.2499981Z [command]/usr/bin/git config --local --name-only --get-regexp http\.https\:\/\/github\.com\/\.extraheader
2026-01-25T20:53:06.2529131Z [command]/usr/bin/git submodule foreach --recursive sh -c "git config --local --name-only --get-regexp 'http\.https\:\/\/github\.com\/\.extraheader' && git config --local --unset-all 'http.https://github.com/.extraheader' || :"
2026-01-25T20:53:06.2744268Z [command]/usr/bin/git config --local --name-only --get-regexp ^includeIf\.gitdir:
2026-01-25T20:53:06.2774874Z [command]/usr/bin/git submodule foreach --recursive git config --local --show-origin --name-only --get-regexp remote.origin.url
2026-01-25T20:53:06.3001277Z [command]/usr/bin/git config --local http.https://github.com/.extraheader AUTHORIZATION: basic ***
2026-01-25T20:53:06.3034706Z ##[endgroup]
2026-01-25T20:53:06.3042927Z ##[group]Fetching the repository
2026-01-25T20:53:06.3043993Z [command]/usr/bin/git -c protocol.version=2 fetch --no-tags --prune --no-recurse-submodules --depth=1 origin +52b4d89853a5b6f76d3dda0a4ede09076d091ef1:refs/remotes/origin/copilot/remove-cross-thread-operations
2026-01-25T20:53:06.7509054Z From https://github.com/andriyshevchenko/mcp-memory-graph-enhanced
2026-01-25T20:53:06.7510339Z  * [new ref]         52b4d89853a5b6f76d3dda0a4ede09076d091ef1 -> origin/copilot/remove-cross-thread-operations
2026-01-25T20:53:06.7601437Z ##[endgroup]
2026-01-25T20:53:06.7602007Z ##[group]Determining the checkout info
2026-01-25T20:53:06.7605026Z ##[endgroup]
2026-01-25T20:53:06.7610543Z [command]/usr/bin/git sparse-checkout disable
2026-01-25T20:53:06.7651436Z [command]/usr/bin/git config --local --unset-all extensions.worktreeConfig
2026-01-25T20:53:06.7676873Z ##[group]Checking out the ref
2026-01-25T20:53:06.7681899Z [command]/usr/bin/git checkout --progress --force -B copilot/remove-cross-thread-operations refs/remotes/origin/copilot/remove-cross-thread-operations
2026-01-25T20:53:06.7794841Z Switched to a new branch 'copilot/remove-cross-thread-operations'
2026-01-25T20:53:06.7797777Z branch 'copilot/remove-cross-thread-operations' set up to track 'origin/copilot/remove-cross-thread-operations'.
2026-01-25T20:53:06.7805062Z ##[endgroup]
2026-01-25T20:53:06.7839451Z [command]/usr/bin/git log -1 --format=%H
2026-01-25T20:53:06.7860955Z 52b4d89853a5b6f76d3dda0a4ede09076d091ef1
2026-01-25T20:53:06.8139590Z ##[group]Run actions/setup-node@v4
2026-01-25T20:53:06.8139855Z with:
2026-01-25T20:53:06.8140023Z   node-version: 22
2026-01-25T20:53:06.8140199Z   cache: npm
2026-01-25T20:53:06.8140366Z   always-auth: false
2026-01-25T20:53:06.8140546Z   check-latest: false
2026-01-25T20:53:06.8140848Z   token: ***
2026-01-25T20:53:06.8141018Z ##[endgroup]
2026-01-25T20:53:06.9934045Z Found in cache @ /opt/hostedtoolcache/node/22.22.0/x64
2026-01-25T20:53:06.9943836Z ##[group]Environment details
2026-01-25T20:53:10.3008574Z node: v22.22.0
2026-01-25T20:53:10.3008920Z npm: 10.9.4
2026-01-25T20:53:10.3009110Z yarn: 1.22.22
2026-01-25T20:53:10.3010526Z ##[endgroup]
2026-01-25T20:53:10.3035804Z [command]/opt/hostedtoolcache/node/22.22.0/x64/bin/npm config get cache
2026-01-25T20:53:10.6029566Z /home/runner/.npm
2026-01-25T20:53:10.9100753Z Cache hit for: node-cache-Linux-x64-npm-719e9e0d7d4de6d74069a54f56b7bb0ff3d5bd8a63890eb09650430099c642a9
2026-01-25T20:53:12.1862704Z Received 8477737 of 21060649 (40.3%), 8.1 MBs/sec
2026-01-25T20:53:12.2811933Z Received 21060649 of 21060649 (100.0%), 18.3 MBs/sec
2026-01-25T20:53:12.2812462Z Cache Size: ~20 MB (21060649 B)
2026-01-25T20:53:12.2840067Z [command]/usr/bin/tar -xf /home/runner/work/_temp/8b2f93fb-2392-42bb-92ae-ca9cc9b387d1/cache.tzst -P -C /home/runner/work/mcp-memory-graph-enhanced/mcp-memory-graph-enhanced --use-compress-program unzstd
2026-01-25T20:53:12.3830312Z Cache restored successfully
2026-01-25T20:53:12.3874283Z Cache restored from key: node-cache-Linux-x64-npm-719e9e0d7d4de6d74069a54f56b7bb0ff3d5bd8a63890eb09650430099c642a9
2026-01-25T20:53:12.4018153Z ##[group]Run npm ci
2026-01-25T20:53:12.4018434Z [36;1mnpm ci[0m
2026-01-25T20:53:12.4061507Z shell: /usr/bin/bash -e {0}
2026-01-25T20:53:12.4061980Z ##[endgroup]
2026-01-25T20:53:15.2429707Z npm warn deprecated inflight@1.0.6: This module is not supported, and leaks memory. Do not use it. Check out lru-cache if you want a good and tested way to coalesce async requests by a key value, which is much more comprehensive and powerful.
2026-01-25T20:53:15.3175285Z npm warn deprecated glob@7.2.3: Glob versions prior to v9 are no longer supported
2026-01-25T20:53:19.5676674Z 
2026-01-25T20:53:19.5677716Z added 219 packages, and audited 221 packages in 7s
2026-01-25T20:53:19.5678270Z 
2026-01-25T20:53:19.5678613Z 63 packages are looking for funding
2026-01-25T20:53:19.5679249Z   run `npm fund` for details
2026-01-25T20:53:19.5821118Z 
2026-01-25T20:53:19.5821643Z 6 moderate severity vulnerabilities
2026-01-25T20:53:19.5822007Z 
2026-01-25T20:53:19.5822559Z To address all issues (including breaking changes), run:
2026-01-25T20:53:19.5823117Z   npm audit fix --force
2026-01-25T20:53:19.5823355Z 
2026-01-25T20:53:19.5823573Z Run `npm audit` for details.
2026-01-25T20:53:19.6469204Z ##[group]Run npm ci
2026-01-25T20:53:19.6469458Z [36;1mnpm ci[0m
2026-01-25T20:53:19.6503177Z shell: /usr/bin/bash -e {0}
2026-01-25T20:53:19.6503420Z ##[endgroup]
2026-01-25T20:53:20.8896592Z npm warn deprecated inflight@1.0.6: This module is not supported, and leaks memory. Do not use it. Check out lru-cache if you want a good and tested way to coalesce async requests by a key value, which is much more comprehensive and powerful.
2026-01-25T20:53:20.9662206Z npm warn deprecated glob@7.2.3: Glob versions prior to v9 are no longer supported
2026-01-25T20:53:24.9593159Z 
2026-01-25T20:53:24.9593891Z added 219 packages, and audited 221 packages in 5s
2026-01-25T20:53:24.9594330Z 
2026-01-25T20:53:24.9595821Z 63 packages are looking for funding
2026-01-25T20:53:24.9598664Z   run `npm fund` for details
2026-01-25T20:53:24.9847940Z 
2026-01-25T20:53:24.9850573Z 6 moderate severity vulnerabilities
2026-01-25T20:53:24.9852592Z 
2026-01-25T20:53:24.9854688Z To address all issues (including breaking changes), run:
2026-01-25T20:53:24.9859973Z   npm audit fix --force
2026-01-25T20:53:24.9860231Z 
2026-01-25T20:53:24.9860424Z Run `npm audit` for details.
2026-01-25T20:53:25.0134724Z ##[group]Run npm test
2026-01-25T20:53:25.0134980Z [36;1mnpm test[0m
2026-01-25T20:53:25.0166718Z shell: /usr/bin/bash -e {0}
2026-01-25T20:53:25.0166956Z env:
2026-01-25T20:53:25.0167264Z   NEO4J_URI: neo4j://localhost:7687
2026-01-25T20:53:25.0167532Z   NEO4J_USERNAME: neo4j
2026-01-25T20:53:25.0167752Z   NEO4J_PASSWORD: testpassword
2026-01-25T20:53:25.0167985Z ##[endgroup]
2026-01-25T20:53:25.1357679Z 
2026-01-25T20:53:25.1358293Z > server-memory-enhanced@2.3.2 test
2026-01-25T20:53:25.1358873Z > vitest run --coverage
2026-01-25T20:53:25.1359110Z 
2026-01-25T20:53:25.7255621Z 
2026-01-25T20:53:25.7258661Z [1m[7m[36m RUN [39m[27m[22m [36mv2.1.9 [39m[90m/home/runner/work/mcp-memory-graph-enhanced/mcp-memory-graph-enhanced/src/memory-enhanced[39m
2026-01-25T20:53:25.7260226Z       [2mCoverage enabled with [22m[33mv8[39m
2026-01-25T20:53:25.7260604Z 
2026-01-25T20:53:26.4972062Z  [32m✓[39m __tests__/save-memory-integration.test.ts [2m([22m[2m17 tests[22m[2m)[22m[90m 50[2mms[22m[39m
2026-01-25T20:53:26.5254136Z  [32m✓[39m __tests__/knowledge-graph-manager-extended.test.ts [2m([22m[2m24 tests[22m[2m)[22m[90m 90[2mms[22m[39m
2026-01-25T20:53:26.8429115Z [90mstderr[2m | __tests__/knowledge-graph.test.ts
2026-01-25T20:53:26.8430758Z [22m[39mAttempting to connect to Neo4j at neo4j://localhost:7687
2026-01-25T20:53:26.8431671Z 
2026-01-25T20:53:27.0211133Z  [32m✓[39m __tests__/save-memory-validation.test.ts [2m([22m[2m49 tests[22m[2m)[22m[90m 60[2mms[22m[39m
2026-01-25T20:53:27.2111828Z  [32m✓[39m __tests__/thread-isolation.test.ts [2m([22m[2m16 tests[22m[2m)[22m[90m 170[2mms[22m[39m
2026-01-25T20:53:27.2172006Z  [32m✓[39m __tests__/knowledge-graph.test.ts [2m([22m[2m33 tests[22m[2m)[22m[90m 266[2mms[22m[39m
2026-01-25T20:53:27.7273477Z  [32m✓[39m __tests__/jsonl-storage-adapter-extended.test.ts [2m([22m[2m14 tests[22m[2m)[22m[90m 95[2mms[22m[39m
2026-01-25T20:53:27.8952478Z [90mstderr[2m | __tests__/analytics.test.ts[2m > [22m[2mAnalytics - getAnalytics[2m > [22m[2mshould identify entities with broken relations
2026-01-25T20:53:27.8954579Z [22m[39mSkipping relation BrokenRef -> NonExistent: one or both entities do not exist
2026-01-25T20:53:27.8955242Z 
2026-01-25T20:53:27.8974980Z [90mstdout[2m | __tests__/analytics.test.ts[2m > [22m[2mAnalytics - getAnalytics[2m > [22m[2mshould identify entities with broken relations
2026-01-25T20:53:27.8976469Z [22m[39mBrokenRef not in orphaned_entities: []
2026-01-25T20:53:27.8976873Z 
2026-01-25T20:53:27.9213569Z  [32m✓[39m __tests__/analytics.test.ts [2m([22m[2m8 tests[22m[2m)[22m[90m 79[2mms[22m[39m
2026-01-25T20:53:28.1970125Z  [32m✓[39m __tests__/observation-history.test.ts [2m([22m[2m8 tests[22m[2m)[22m[90m 29[2mms[22m[39m
2026-01-25T20:53:28.7004887Z  [32m✓[39m __tests__/edge-cases-coverage.test.ts [2m([22m[2m7 tests[22m[2m)[22m[90m 41[2mms[22m[39m
2026-01-25T20:53:28.9285641Z [90mstderr[2m | __tests__/validate-memory.test.ts
2026-01-25T20:53:28.9288766Z [22m[39mAttempting to connect to Neo4j at neo4j://localhost:7687
2026-01-25T20:53:28.9289265Z 
2026-01-25T20:53:29.0059482Z [90mstdout[2m | __tests__/neo4j-e2e.test.ts[2m > [22m[2mNeo4j Storage Adapter E2E
2026-01-25T20:53:29.0064045Z [22m[39mNeo4j connection successful
2026-01-25T20:53:29.0067935Z 
2026-01-25T20:53:29.0675572Z  [32m✓[39m __tests__/validate-memory.test.ts [2m([22m[2m9 tests[22m[2m)[22m[90m 63[2mms[22m[39m
2026-01-25T20:53:29.2876211Z  [32m✓[39m __tests__/update-observation.test.ts [2m([22m[2m8 tests[22m[2m)[22m[90m 74[2mms[22m[39m
2026-01-25T20:53:30.0410102Z [90mstderr[2m | __tests__/storage-abstraction.test.ts
2026-01-25T20:53:30.0413825Z [22m[39mAttempting to connect to Neo4j at neo4j://localhost:7687
2026-01-25T20:53:30.0420544Z 
2026-01-25T20:53:30.1609565Z  [32m✓[39m __tests__/storage-abstraction.test.ts [2m([22m[2m6 tests[22m[2m)[22m[90m 33[2mms[22m[39m
2026-01-25T20:53:30.2145387Z [90mstderr[2m | __tests__/index.test.ts
2026-01-25T20:53:30.2150765Z [22m[39mAttempting to connect to Neo4j at neo4j://localhost:7687
2026-01-25T20:53:30.2151610Z 
2026-01-25T20:53:30.3059303Z  [32m✓[39m __tests__/index.test.ts [2m([22m[2m8 tests[22m[2m)[22m[90m 19[2mms[22m[39m
2026-01-25T20:53:30.7823361Z  [32m✓[39m __tests__/relation-inverter.test.ts [2m([22m[2m7 tests[22m[2m)[22m[90m 13[2mms[22m[39m
2026-01-25T20:53:30.9838984Z  [32m✓[39m __tests__/neo4j-storage-adapter.test.ts [2m([22m[2m6 tests[22m[2m)[22m[90m 53[2mms[22m[39m
2026-01-25T20:53:32.9161900Z  [31m❯[39m __tests__/neo4j-e2e.test.ts [2m([22m[2m11 tests[22m[2m | [22m[31m9 failed[39m[2m)[22m[33m 4772[2mms[22m[39m
2026-01-25T20:53:32.9163934Z    [33m[2m✓[22m[39m Neo4j Storage Adapter E2E[2m > [22mConnection and Initialization[2m > [22mshould skip tests if Neo4j is not available [33m1030[2mms[22m[39m
2026-01-25T20:53:32.9166279Z [31m   [31m×[31m Neo4j Storage Adapter E2E[2m > [22mEntity CRUD Operations[2m > [22mshould create and read entities[33m 1316[2mms[22m[31m[39m
2026-01-25T20:53:32.9168075Z [31m     → expected [] to have a length of 1 but got +0[39m
2026-01-25T20:53:32.9169855Z [31m   [31m×[31m Neo4j Storage Adapter E2E[2m > [22mEntity CRUD Operations[2m > [22mshould handle observations correctly[90m 122[2mms[22m[31m[39m
2026-01-25T20:53:32.9171147Z [31m     → expected [] to have a length of 1 but got +0[39m
2026-01-25T20:53:32.9172349Z [31m   [31m×[31m Neo4j Storage Adapter E2E[2m > [22mEntity CRUD Operations[2m > [22mshould delete entities and cascade relations[33m 405[2mms[22m[31m[39m
2026-01-25T20:53:32.9174035Z [31m     → expected [] to have a length of 1 but got +0[39m
2026-01-25T20:53:32.9175788Z [31m   [31m×[31m Neo4j Storage Adapter E2E[2m > [22mRelation CRUD Operations[2m > [22mshould create and read relations[90m 118[2mms[22m[31m[39m
2026-01-25T20:53:32.9177719Z [31m     → expected [] to have a length of 2 but got +0[39m
2026-01-25T20:53:32.9179451Z [31m   [31m×[31m Neo4j Storage Adapter E2E[2m > [22mData Persistence[2m > [22mshould persist data across multiple operations[90m 81[2mms[22m[31m[39m
2026-01-25T20:53:32.9180808Z [31m     → expected [] to have a length of 1 but got +0[39m
2026-01-25T20:53:32.9182441Z [31m   [31m×[31m Neo4j Storage Adapter E2E[2m > [22mPerformance and Scalability[2m > [22mshould handle large graphs efficiently[90m 238[2mms[22m[31m[39m
2026-01-25T20:53:32.9183824Z [31m     → expected [] to have a length of 50 but got +0[39m
2026-01-25T20:53:32.9185473Z [31m   [31m×[31m Neo4j Storage Adapter E2E[2m > [22mPerformance and Scalability[2m > [22mshould handle concurrent operations[90m 268[2mms[22m[31m[39m
2026-01-25T20:53:32.9186841Z [31m     → expected 0 to be greater than or equal to 10[39m
2026-01-25T20:53:32.9188541Z [31m   [31m×[31m Neo4j Storage Adapter E2E[2m > [22mSearch Operations[2m > [22mshould search nodes by query[90m 75[2mms[22m[31m[39m
2026-01-25T20:53:32.9189701Z [31m     → expected 0 to be greater than 0[39m
2026-01-25T20:53:32.9191095Z [31m   [31m×[31m Neo4j Storage Adapter E2E[2m > [22mIntegration with save_memory[2m > [22mshould support save_memory operations[90m 191[2mms[22m[31m[39m
2026-01-25T20:53:32.9192308Z [31m     → expected [] to have a length of 2 but got +0[39m
2026-01-25T20:53:33.1465747Z 
2026-01-25T20:53:33.1474969Z [31m⎯⎯⎯⎯⎯⎯⎯[1m[7m Failed Tests 9 [27m[22m⎯⎯⎯⎯⎯⎯⎯[39m
2026-01-25T20:53:33.1475269Z 
2026-01-25T20:53:33.1478348Z [31m[1m[7m FAIL [27m[22m[39m __tests__/neo4j-e2e.test.ts[2m > [22mNeo4j Storage Adapter E2E[2m > [22mEntity CRUD Operations[2m > [22mshould create and read entities
2026-01-25T20:53:33.1496158Z [31m[1mAssertionError[22m: expected [] to have a length of 1 but got +0[39m
2026-01-25T20:53:33.1496669Z 
2026-01-25T20:53:33.1496820Z [32m- Expected[39m
2026-01-25T20:53:33.1497066Z [31m+ Received[39m
2026-01-25T20:53:33.1497361Z 
2026-01-25T20:53:33.1498002Z [32m- 1[39m
2026-01-25T20:53:33.1498312Z [31m+ 0[39m
2026-01-25T20:53:33.1498416Z 
2026-01-25T20:53:33.1498735Z [36m [2m❯[22m __tests__/neo4j-e2e.test.ts:[2m71:30[22m[39m
2026-01-25T20:53:33.1658089Z     [90m 69| [39m      
2026-01-25T20:53:33.1658741Z     [90m 70| [39m      [90m// Assert[39m
2026-01-25T20:53:33.1659937Z     [90m 71| [39m      [34mexpect[39m(graph[33m.[39mentities)[33m.[39m[34mtoHaveLength[39m([34m1[39m)[33m;[39m
2026-01-25T20:53:33.1660984Z     [90m   | [39m                             [31m^[39m
2026-01-25T20:53:33.1661952Z     [90m 72| [39m      [34mexpect[39m(graph[33m.[39mentities[[34m0[39m][33m.[39mname)[33m.[39m[34mtoBe[39m([32m'TestEntity'[39m)[33m;[39m
2026-01-25T20:53:33.1662826Z     [90m 73| [39m    })[33m;[39m
2026-01-25T20:53:33.1663179Z 
2026-01-25T20:53:33.1663697Z [31m[2m⎯⎯⎯⎯⎯⎯⎯⎯⎯⎯⎯⎯⎯⎯⎯⎯⎯⎯⎯⎯⎯⎯⎯⎯[1/9]⎯[22m[39m
2026-01-25T20:53:33.1664098Z 
2026-01-25T20:53:33.1665303Z [31m[1m[7m FAIL [27m[22m[39m __tests__/neo4j-e2e.test.ts[2m > [22mNeo4j Storage Adapter E2E[2m > [22mEntity CRUD Operations[2m > [22mshould handle observations correctly
2026-01-25T20:53:33.1666471Z [31m[1mAssertionError[22m: expected [] to have a length of 1 but got +0[39m
2026-01-25T20:53:33.1666845Z 
2026-01-25T20:53:33.1666992Z [32m- Expected[39m
2026-01-25T20:53:33.1667565Z [31m+ Received[39m
2026-01-25T20:53:33.1667720Z 
2026-01-25T20:53:33.1667834Z [32m- 1[39m
2026-01-25T20:53:33.1668070Z [31m+ 0[39m
2026-01-25T20:53:33.1668186Z 
2026-01-25T20:53:33.1668578Z [36m [2m❯[22m __tests__/neo4j-e2e.test.ts:[2m102:30[22m[39m
2026-01-25T20:53:33.1682386Z     [90m100| [39m      
2026-01-25T20:53:33.1682871Z     [90m101| [39m      [90m// Assert[39m
2026-01-25T20:53:33.1683866Z     [90m102| [39m      [34mexpect[39m(graph[33m.[39mentities)[33m.[39m[34mtoHaveLength[39m([34m1[39m)[33m;[39m
2026-01-25T20:53:33.1684856Z     [90m   | [39m                             [31m^[39m
2026-01-25T20:53:33.1685761Z     [90m103| [39m      [34mexpect[39m(graph[33m.[39mentities[[34m0[39m][33m.[39mobservations)[33m.[39m[34mtoHaveLength[39m([34m1[39m)[33m;[39m
2026-01-25T20:53:33.1687783Z     [90m104| [39m      [34mexpect[39m(graph[33m.[39mentities[[34m0[39m][33m.[39mobservations[[34m0[39m][33m.[39mcontent)[33m.[39m[34mtoBe[39m([32m'Works at[39m…
2026-01-25T20:53:33.1688350Z 
2026-01-25T20:53:33.1688596Z [31m[2m⎯⎯⎯⎯⎯⎯⎯⎯⎯⎯⎯⎯⎯⎯⎯⎯⎯⎯⎯⎯⎯⎯⎯⎯[2/9]⎯[22m[39m
2026-01-25T20:53:33.1688794Z 
2026-01-25T20:53:33.1689837Z [31m[1m[7m FAIL [27m[22m[39m __tests__/neo4j-e2e.test.ts[2m > [22mNeo4j Storage Adapter E2E[2m > [22mEntity CRUD Operations[2m > [22mshould delete entities and cascade relations
2026-01-25T20:53:33.1691453Z [31m[1mAssertionError[22m: expected [] to have a length of 1 but got +0[39m
2026-01-25T20:53:33.1692040Z 
2026-01-25T20:53:33.1692254Z [32m- Expected[39m
2026-01-25T20:53:33.1692668Z [31m+ Received[39m
2026-01-25T20:53:33.1692870Z 
2026-01-25T20:53:33.1693050Z [32m- 1[39m
2026-01-25T20:53:33.1693409Z [31m+ 0[39m
2026-01-25T20:53:33.1693584Z 
2026-01-25T20:53:33.1694010Z [36m [2m❯[22m __tests__/neo4j-e2e.test.ts:[2m122:30[22m[39m
2026-01-25T20:53:33.1703870Z     [90m120| [39m      
2026-01-25T20:53:33.1704385Z     [90m121| [39m      [90m// Assert[39m
2026-01-25T20:53:33.1705475Z     [90m122| [39m      [34mexpect[39m(graph[33m.[39mentities)[33m.[39m[34mtoHaveLength[39m([34m1[39m)[33m;[39m
2026-01-25T20:53:33.1706351Z     [90m   | [39m                             [31m^[39m
2026-01-25T20:53:33.1707144Z     [90m123| [39m      [34mexpect[39m(graph[33m.[39mentities[[34m0[39m][33m.[39mname)[33m.[39m[34mtoBe[39m([32m'Entity2'[39m)[33m;[39m
2026-01-25T20:53:33.1708357Z     [90m124| [39m      [34mexpect[39m(graph[33m.[39mrelations)[33m.[39m[34mtoHaveLength[39m([34m0[39m)[33m;[39m
2026-01-25T20:53:33.1708878Z 
2026-01-25T20:53:33.1709276Z [31m[2m⎯⎯⎯⎯⎯⎯⎯⎯⎯⎯⎯⎯⎯⎯⎯⎯⎯⎯⎯⎯⎯⎯⎯⎯[3/9]⎯[22m[39m
2026-01-25T20:53:33.1709612Z 
2026-01-25T20:53:33.1710966Z [31m[1m[7m FAIL [27m[22m[39m __tests__/neo4j-e2e.test.ts[2m > [22mNeo4j Storage Adapter E2E[2m > [22mRelation CRUD Operations[2m > [22mshould create and read relations
2026-01-25T20:53:33.1711930Z [31m[1mAssertionError[22m: expected [] to have a length of 2 but got +0[39m
2026-01-25T20:53:33.1712238Z 
2026-01-25T20:53:33.1712366Z [32m- Expected[39m
2026-01-25T20:53:33.1712599Z [31m+ Received[39m
2026-01-25T20:53:33.1712720Z 
2026-01-25T20:53:33.1712811Z [32m- 2[39m
2026-01-25T20:53:33.1712998Z [31m+ 0[39m
2026-01-25T20:53:33.1713092Z 
2026-01-25T20:53:33.1713378Z [36m [2m❯[22m __tests__/neo4j-e2e.test.ts:[2m143:30[22m[39m
2026-01-25T20:53:33.1717646Z     [90m141| [39m      
2026-01-25T20:53:33.1718119Z     [90m142| [39m      [90m// Assert[39m
2026-01-25T20:53:33.1718791Z     [90m143| [39m      [34mexpect[39m(graph[33m.[39mentities)[33m.[39m[34mtoHaveLength[39m([34m2[39m)[33m;[39m
2026-01-25T20:53:33.1719406Z     [90m   | [39m                             [31m^[39m
2026-01-25T20:53:33.1720285Z     [90m144| [39m      [34mexpect[39m(graph[33m.[39mrelations)[33m.[39m[34mtoHaveLength[39m([34m1[39m)[33m;[39m
2026-01-25T20:53:33.1721516Z     [90m145| [39m      [34mexpect[39m(graph[33m.[39mrelations[[34m0[39m][33m.[39m[35mfrom[39m)[33m.[39m[34mtoBe[39m([32m'Entity1'[39m)[33m;[39m
2026-01-25T20:53:33.1722023Z 
2026-01-25T20:53:33.1722252Z [31m[2m⎯⎯⎯⎯⎯⎯⎯⎯⎯⎯⎯⎯⎯⎯⎯⎯⎯⎯⎯⎯⎯⎯⎯⎯[4/9]⎯[22m[39m
2026-01-25T20:53:33.1722444Z 
2026-01-25T20:53:33.1723271Z [31m[1m[7m FAIL [27m[22m[39m __tests__/neo4j-e2e.test.ts[2m > [22mNeo4j Storage Adapter E2E[2m > [22mData Persistence[2m > [22mshould persist data across multiple operations
2026-01-25T20:53:33.1724214Z [31m[1mAssertionError[22m: expected [] to have a length of 1 but got +0[39m
2026-01-25T20:53:33.1724708Z 
2026-01-25T20:53:33.1724828Z [32m- Expected[39m
2026-01-25T20:53:33.1725246Z [31m+ Received[39m
2026-01-25T20:53:33.1725422Z 
2026-01-25T20:53:33.1725596Z [32m- 1[39m
2026-01-25T20:53:33.1725872Z [31m+ 0[39m
2026-01-25T20:53:33.1725985Z 
2026-01-25T20:53:33.1726265Z [36m [2m❯[22m __tests__/neo4j-e2e.test.ts:[2m160:30[22m[39m
2026-01-25T20:53:33.1726634Z     [90m158| [39m      
2026-01-25T20:53:33.1727382Z     [90m159| [39m      [90m// Assert - First operation[39m
2026-01-25T20:53:33.1728431Z     [90m160| [39m      [34mexpect[39m(graph[33m.[39mentities)[33m.[39m[34mtoHaveLength[39m([34m1[39m)[33m;[39m
2026-01-25T20:53:33.1729034Z     [90m   | [39m                             [31m^[39m
2026-01-25T20:53:33.1729340Z     [90m161| [39m      
2026-01-25T20:53:33.1729717Z     [90m162| [39m      [90m// Arrange & Act - Second operation[39m
2026-01-25T20:53:33.1729968Z 
2026-01-25T20:53:33.1730193Z [31m[2m⎯⎯⎯⎯⎯⎯⎯⎯⎯⎯⎯⎯⎯⎯⎯⎯⎯⎯⎯⎯⎯⎯⎯⎯[5/9]⎯[22m[39m
2026-01-25T20:53:33.1730403Z 
2026-01-25T20:53:33.1731239Z [31m[1m[7m FAIL [27m[22m[39m __tests__/neo4j-e2e.test.ts[2m > [22mNeo4j Storage Adapter E2E[2m > [22mPerformance and Scalability[2m > [22mshould handle large graphs efficiently
2026-01-25T20:53:33.1732203Z [31m[1mAssertionError[22m: expected [] to have a length of 50 but got +0[39m
2026-01-25T20:53:33.1732698Z 
2026-01-25T20:53:33.1732913Z [32m- Expected[39m
2026-01-25T20:53:33.1733233Z [31m+ Received[39m
2026-01-25T20:53:33.1733350Z 
2026-01-25T20:53:33.1733441Z [32m- 50[39m
2026-01-25T20:53:33.1733639Z [31m+ 0[39m
2026-01-25T20:53:33.1733746Z 
2026-01-25T20:53:33.1734032Z [36m [2m❯[22m __tests__/neo4j-e2e.test.ts:[2m191:30[22m[39m
2026-01-25T20:53:33.1734417Z     [90m189| [39m      
2026-01-25T20:53:33.1734729Z     [90m190| [39m      [90m// Assert[39m
2026-01-25T20:53:33.1735820Z     [90m191| [39m      [34mexpect[39m(graph[33m.[39mentities)[33m.[39m[34mtoHaveLength[39m(entityCount)[33m;[39m
2026-01-25T20:53:33.1736434Z     [90m   | [39m                             [31m^[39m
2026-01-25T20:53:33.1736765Z     [90m192| [39m    })[33m;[39m
2026-01-25T20:53:33.1737357Z     [90m193| [39m
2026-01-25T20:53:33.1737531Z 
2026-01-25T20:53:33.1737775Z [31m[2m⎯⎯⎯⎯⎯⎯⎯⎯⎯⎯⎯⎯⎯⎯⎯⎯⎯⎯⎯⎯⎯⎯⎯⎯[6/9]⎯[22m[39m
2026-01-25T20:53:33.1737973Z 
2026-01-25T20:53:33.1738796Z [31m[1m[7m FAIL [27m[22m[39m __tests__/neo4j-e2e.test.ts[2m > [22mNeo4j Storage Adapter E2E[2m > [22mPerformance and Scalability[2m > [22mshould handle concurrent operations
2026-01-25T20:53:33.1739753Z [31m[1mAssertionError[22m: expected 0 to be greater than or equal to 10[39m
2026-01-25T20:53:33.1740336Z [36m [2m❯[22m __tests__/neo4j-e2e.test.ts:[2m210:37[22m[39m
2026-01-25T20:53:33.1743891Z     [90m208| [39m      
2026-01-25T20:53:33.1744464Z     [90m209| [39m      [90m// Assert - verify all entities were created[39m
2026-01-25T20:53:33.1745302Z     [90m210| [39m      [34mexpect[39m(graph[33m.[39mentities[33m.[39mlength)[33m.[39m[34mtoBeGreaterThanOrEqual[39m(entityCount…
2026-01-25T20:53:33.1745977Z     [90m   | [39m                                    [31m^[39m
2026-01-25T20:53:33.1746401Z     [90m211| [39m    })[33m;[39m
2026-01-25T20:53:33.1746782Z     [90m212| [39m  })[33m;[39m
2026-01-25T20:53:33.1746999Z 
2026-01-25T20:53:33.1747448Z [31m[2m⎯⎯⎯⎯⎯⎯⎯⎯⎯⎯⎯⎯⎯⎯⎯⎯⎯⎯⎯⎯⎯⎯⎯⎯[7/9]⎯[22m[39m
2026-01-25T20:53:33.1747658Z 
2026-01-25T20:53:33.1748397Z [31m[1m[7m FAIL [27m[22m[39m __tests__/neo4j-e2e.test.ts[2m > [22mNeo4j Storage Adapter E2E[2m > [22mSearch Operations[2m > [22mshould search nodes by query
2026-01-25T20:53:33.1749212Z [31m[1mAssertionError[22m: expected 0 to be greater than 0[39m
2026-01-25T20:53:33.1749733Z [36m [2m❯[22m __tests__/neo4j-e2e.test.ts:[2m260:38[22m[39m
2026-01-25T20:53:33.1751861Z     [90m258| [39m      
2026-01-25T20:53:33.1752260Z     [90m259| [39m      [90m// Assert[39m
2026-01-25T20:53:33.1753033Z     [90m260| [39m      [34mexpect[39m(result[33m.[39mentities[33m.[39mlength)[33m.[39m[34mtoBeGreaterThan[39m([34m0[39m)[33m;[39m
2026-01-25T20:53:33.1753925Z     [90m   | [39m                                     [31m^[39m
2026-01-25T20:53:33.1754696Z     [90m261| [39m      [34mexpect[39m(result[33m.[39mentities[[34m0[39m][33m.[39mname)[33m.[39m[34mtoBe[39m([32m'Alice'[39m)[33m;[39m
2026-01-25T20:53:33.1755546Z     [90m262| [39m    })[33m;[39m
2026-01-25T20:53:33.1755737Z 
2026-01-25T20:53:33.1755960Z [31m[2m⎯⎯⎯⎯⎯⎯⎯⎯⎯⎯⎯⎯⎯⎯⎯⎯⎯⎯⎯⎯⎯⎯⎯⎯[8/9]⎯[22m[39m
2026-01-25T20:53:33.1756152Z 
2026-01-25T20:53:33.1756968Z [31m[1m[7m FAIL [27m[22m[39m __tests__/neo4j-e2e.test.ts[2m > [22mNeo4j Storage Adapter E2E[2m > [22mIntegration with save_memory[2m > [22mshould support save_memory operations
2026-01-25T20:53:33.1758167Z [31m[1mAssertionError[22m: expected [] to have a length of 2 but got +0[39m
2026-01-25T20:53:33.1758470Z 
2026-01-25T20:53:33.1758584Z [32m- Expected[39m
2026-01-25T20:53:33.1758829Z [31m+ Received[39m
2026-01-25T20:53:33.1758942Z 
2026-01-25T20:53:33.1759040Z [32m- 2[39m
2026-01-25T20:53:33.1759225Z [31m+ 0[39m
2026-01-25T20:53:33.1759326Z 
2026-01-25T20:53:33.1759612Z [36m [2m❯[22m __tests__/neo4j-e2e.test.ts:[2m322:30[22m[39m
2026-01-25T20:53:33.1760226Z     [90m320| [39m
2026-01-25T20:53:33.1760519Z     [90m321| [39m      [90m// Assert[39m
2026-01-25T20:53:33.1761303Z     [90m322| [39m      [34mexpect[39m(graph[33m.[39mentities)[33m.[39m[34mtoHaveLength[39m([34m2[39m)[33m;[39m
2026-01-25T20:53:33.1761901Z     [90m   | [39m                             [31m^[39m
2026-01-25T20:53:33.1762736Z     [90m323| [39m      [34mexpect[39m(graph[33m.[39mrelations)[33m.[39m[34mtoHaveLength[39m([34m1[39m)[33m;[39m
2026-01-25T20:53:33.1763271Z     [90m324| [39m    })[33m;[39m
2026-01-25T20:53:33.1763433Z 
2026-01-25T20:53:33.1763653Z [31m[2m⎯⎯⎯⎯⎯⎯⎯⎯⎯⎯⎯⎯⎯⎯⎯⎯⎯⎯⎯⎯⎯⎯⎯⎯[9/9]⎯[22m[39m
2026-01-25T20:53:33.1763839Z 
2026-01-25T20:53:33.1769028Z [2m Test Files [22m [1m[31m1 failed[39m[22m[2m | [22m[1m[32m15 passed[39m[22m[90m (16)[39m
2026-01-25T20:53:33.1770365Z [2m      Tests [22m [1m[31m9 failed[39m[22m[2m | [22m[1m[32m222 passed[39m[22m[90m (231)[39m
2026-01-25T20:53:33.1771064Z [2m   Start at [22m 20:53:25
2026-01-25T20:53:33.1773512Z [2m   Duration [22m 7.42s[2m (transform 785ms, setup 0ms, collect 4.61s, tests 5.91s, environment 5ms, prepare 2.48s)[22m
2026-01-25T20:53:33.1773959Z 
2026-01-25T20:53:33.1786326Z 
2026-01-25T20:53:33.1809668Z ##[error]AssertionError: expected [] to have a length of 1 but got +0

- Expected
+ Received

- 1
+ 0

 ❯ __tests__/neo4j-e2e.test.ts:71:30


2026-01-25T20:53:33.1818482Z 
2026-01-25T20:53:33.1820769Z ##[error]AssertionError: expected [] to have a length of 1 but got +0

- Expected
+ Received

- 1
+ 0

 ❯ __tests__/neo4j-e2e.test.ts:102:30


2026-01-25T20:53:33.1822375Z 
2026-01-25T20:53:33.1824552Z ##[error]AssertionError: expected [] to have a length of 1 but got +0

- Expected
+ Received

- 1
+ 0

 ❯ __tests__/neo4j-e2e.test.ts:122:30


2026-01-25T20:53:33.1826102Z 
2026-01-25T20:53:33.1828473Z ##[error]AssertionError: expected [] to have a length of 2 but got +0

- Expected
+ Received

- 2
+ 0

 ❯ __tests__/neo4j-e2e.test.ts:143:30


2026-01-25T20:53:33.1830001Z 
2026-01-25T20:53:33.1832137Z ##[error]AssertionError: expected [] to have a length of 1 but got +0

- Expected
+ Received

- 1
+ 0

 ❯ __tests__/neo4j-e2e.test.ts:160:30


2026-01-25T20:53:33.1833339Z 
2026-01-25T20:53:33.1835277Z ##[error]AssertionError: expected [] to have a length of 50 but got +0

- Expected
+ Received

- 50
+ 0

 ❯ __tests__/neo4j-e2e.test.ts:191:30


2026-01-25T20:53:33.1836855Z 
2026-01-25T20:53:33.1838865Z ##[error]AssertionError: expected 0 to be greater than or equal to 10
 ❯ __tests__/neo4j-e2e.test.ts:210:37


2026-01-25T20:53:33.1840124Z 
2026-01-25T20:53:33.1841922Z ##[error]AssertionError: expected 0 to be greater than 0
 ❯ __tests__/neo4j-e2e.test.ts:260:38


2026-01-25T20:53:33.1843197Z 
2026-01-25T20:53:33.1845834Z ##[error]AssertionError: expected [] to have a length of 2 but got +0

- Expected
+ Received

- 2
+ 0

 ❯ __tests__/neo4j-e2e.test.ts:322:30


2026-01-25T20:53:33.2124856Z npm error Lifecycle script `test` failed with error:
2026-01-25T20:53:33.2125465Z npm error code 1
2026-01-25T20:53:33.2126087Z npm error path /home/runner/work/mcp-memory-graph-enhanced/mcp-memory-graph-enhanced/src/memory-enhanced
2026-01-25T20:53:33.2126724Z npm error workspace server-memory-enhanced@2.3.2
2026-01-25T20:53:33.2127713Z npm error location /home/runner/work/mcp-memory-graph-enhanced/mcp-memory-graph-enhanced/src/memory-enhanced
2026-01-25T20:53:33.2128292Z npm error command failed
2026-01-25T20:53:33.2128617Z npm error command sh -c vitest run --coverage
2026-01-25T20:53:33.2189016Z ##[error]Process completed with exit code 1.
2026-01-25T20:53:33.2293046Z Post job cleanup.
2026-01-25T20:53:33.3260082Z [command]/usr/bin/git version
2026-01-25T20:53:33.3298099Z git version 2.52.0
2026-01-25T20:53:33.3340688Z Temporarily overriding HOME='/home/runner/work/_temp/819bc778-1a14-4b0c-b991-aac696368b85' before making global git config changes
2026-01-25T20:53:33.3341615Z Adding repository directory to the temporary git global config as a safe directory
2026-01-25T20:53:33.3353301Z [command]/usr/bin/git config --global --add safe.directory /home/runner/work/mcp-memory-graph-enhanced/mcp-memory-graph-enhanced
2026-01-25T20:53:33.3386632Z [command]/usr/bin/git config --local --name-only --get-regexp core\.sshCommand
2026-01-25T20:53:33.3417868Z [command]/usr/bin/git submodule foreach --recursive sh -c "git config --local --name-only --get-regexp 'core\.sshCommand' && git config --local --unset-all 'core.sshCommand' || :"
2026-01-25T20:53:33.3645334Z [command]/usr/bin/git config --local --name-only --get-regexp http\.https\:\/\/github\.com\/\.extraheader
2026-01-25T20:53:33.3667097Z http.https://github.com/.extraheader
2026-01-25T20:53:33.3680492Z [command]/usr/bin/git config --local --unset-all http.https://github.com/.extraheader
2026-01-25T20:53:33.3712860Z [command]/usr/bin/git submodule foreach --recursive sh -c "git config --local --name-only --get-regexp 'http\.https\:\/\/github\.com\/\.extraheader' && git config --local --unset-all 'http.https://github.com/.extraheader' || :"
2026-01-25T20:53:33.3938080Z [command]/usr/bin/git config --local --name-only --get-regexp ^includeIf\.gitdir:
2026-01-25T20:53:33.3969562Z [command]/usr/bin/git submodule foreach --recursive git config --local --show-origin --name-only --get-regexp remote.origin.url
2026-01-25T20:53:33.4285259Z Print service container logs: 86530c70bf9844e0b29d9e7498642d1b_neo4j5150_d9c476
2026-01-25T20:53:33.4290196Z ##[command]/usr/bin/docker logs --details 6d072e7958682548264b0c45d6f22275a1f2ee0a2b1521663cb919c3cfb5c990
2026-01-25T20:53:33.4423114Z  Changed password for user 'neo4j'. IMPORTANT: this change will only take effect if performed before the database is started for the first time.
2026-01-25T20:53:33.4424503Z  2026-01-25 20:52:56.478+0000 INFO  Logging config in use: File '/var/lib/neo4j/conf/user-logs.xml'
2026-01-25T20:53:33.4425323Z  2026-01-25 20:52:56.495+0000 INFO  Starting...
2026-01-25T20:53:33.4426090Z  2026-01-25 20:52:57.393+0000 INFO  This instance is ServerId{3d04e822} (3d04e822-ce8c-4359-9109-bb8d5eeaa12a)
2026-01-25T20:53:33.4426939Z  2026-01-25 20:52:58.055+0000 INFO  ======== Neo4j 5.15.0 ========
2026-01-25T20:53:33.4427735Z  2026-01-25 20:52:59.516+0000 INFO  Bolt enabled on 0.0.0.0:7687.
2026-01-25T20:53:33.4428395Z  2026-01-25 20:53:00.157+0000 INFO  HTTP enabled on 0.0.0.0:7474.
2026-01-25T20:53:33.4429151Z  2026-01-25 20:53:00.158+0000 INFO  Remote interface available at http://localhost:7474/
2026-01-25T20:53:33.4430032Z  2026-01-25 20:53:00.161+0000 INFO  id: F85B2905ED52164A568F3BF74A3D10B367E27789221CAB0872C960E3F447268B
2026-01-25T20:53:33.4430754Z  2026-01-25 20:53:00.162+0000 INFO  name: system
2026-01-25T20:53:33.4431328Z  2026-01-25 20:53:00.162+0000 INFO  creationDate: 2026-01-25T20:52:58.513Z
2026-01-25T20:53:33.4432181Z  2026-01-25 20:53:00.163+0000 INFO  Started.
2026-01-25T20:53:33.4433630Z  2026-01-25 20:53:29.255+0000 ERROR Client triggered an unexpected error [Neo.DatabaseError.General.UnknownError]: Failed to transmit operation result: Response write failure, reference bd3aa583-5dee-45a3-99e1-4e04cf899a57.
2026-01-25T20:53:33.4446009Z Stop and remove container: 86530c70bf9844e0b29d9e7498642d1b_neo4j5150_d9c476
2026-01-25T20:53:33.4451319Z ##[command]/usr/bin/docker rm --force 6d072e7958682548264b0c45d6f22275a1f2ee0a2b1521663cb919c3cfb5c990
2026-01-25T20:53:33.8012270Z 6d072e7958682548264b0c45d6f22275a1f2ee0a2b1521663cb919c3cfb5c990
2026-01-25T20:53:33.8040681Z Remove container network: github_network_10ce440e99ce4b25ab393e7bad3f13e0
2026-01-25T20:53:33.8045032Z ##[command]/usr/bin/docker network rm github_network_10ce440e99ce4b25ab393e7bad3f13e0
2026-01-25T20:53:33.9155778Z github_network_10ce440e99ce4b25ab393e7bad3f13e0
2026-01-25T20:53:33.9215450Z Cleaning up orphan processes
